[LOG] System::create                           : Header version = 2.02.30. Current version = 2.02.30.
[LOG] SystemI::setOutputInternal               : Setting output to 'FMOD WASAPI Output'
[LOG] Manager::init                            : maxchannels = 256 studioflags = 00000006 flags 00000000 extradriverdata 0000000000000000.
[LOG] SystemI::init                            : Initialize version=20230 (155271), maxchannels=256, flags=0x00020000
[LOG] OutputWASAPI::init                       : Mix Format (WAVEFORMATEX): wFormatTag=0xFFFE, nChannels=2, nSamplesPerSec=48000, nAvgBytesPerSec=384000, nBlockAlign=8, wBitsPerSample=32, cbSize=22.
[LOG] OutputWASAPI::init                       : Mix Format (WAVEFORMATEXTENSIBLE): wValidBitsPerSample=32, dwChannelMask=0x00000003, SubFormat=00000003-0000-0010-8000-00AA00389B71.
[LOG] OutputWASAPI::init                       : Output buffer size: 4096 samples, latency: 0.00ms, period: 12.00ms, DSP buffer: 1024 * 4
[LOG] Thread::initThread                       : Init FMOD stream thread. Affinity: 0x4000000000000003, Priority: 0xFFFF7FFB, Stack Size: 98304, Semaphore: No, Sleep Time: 10, Looping: Yes.
[LOG] Thread::initThread                       : Init FMOD mixer thread. Affinity: 0x4000000000000001, Priority: 0xFFFF7FFA, Stack Size: 81920, Semaphore: No, Sleep Time: 0, Looping: Yes.
[LOG] AsyncManager::init                       : manager 0000022B0CA77858 isAsync 0 updatePeriod 0.02
[LOG] AsyncManager::init                       : done
[LOG] PlaybackSystem::init                     : 
[LOG] Thread::initThread                       : Init FMOD Studio sample load thread. Affinity: 0x4000000000000003, Priority: 0xFFFF7FFD, Stack Size: 98304, Semaphore: No, Sleep Time: 1, Looping: No.
[LOG] PlaybackSystem::init                     : done
[LOG] Thread::initThread                       : Init FMOD Studio bank load thread. Affinity: 0x4000000000000003, Priority: 0xFFFF7FFD, Stack Size: 98304, Semaphore: No, Sleep Time: 1, Looping: No.
[LOG] Manager::init                            : done.
[LOG] Manager::readBank                        : fileversion = 142, compatVersion = 140 (oldest = 44, newest = 142)
[LOG] Manager::readBank                        : fileversion = 142, compatVersion = 140 (oldest = 44, newest = 142)
[LOG] PlaybackSystem::acquireMasterBus         : Setting master channel group format to 6
[LOG] SystemI::createSoundInternal             : Create name='', mode=0x02000202
[LOG] SystemI::createSoundInternal             : exinfo->cbsize             = 224
[LOG] SystemI::createSoundInternal             : exinfo->length             = 5623744
[LOG] SystemI::createSoundInternal             : exinfo->fileoffset         = 54016
[LOG] SystemI::createSoundInternal             : exinfo->numsubsounds       = 1
[LOG] SystemI::createSoundInternal             : exinfo->inclusionlist      = 00000073DEBFEC88
[LOG] SystemI::createSoundInternal             : exinfo->inclusionlistnum   = 1
[LOG] SystemI::createSoundInternal             : exinfo->suggestedsoundtype = 5
[LOG] SystemI::createSoundInternal             : exinfo->useropen           = 00007FF9F6385C40
[LOG] SystemI::createSoundInternal             : exinfo->userclose          = 00007FF9F6385C00
[LOG] SystemI::createSoundInternal             : exinfo->userread           = 00007FF9F6385D20
[LOG] SystemI::createSoundInternal             : exinfo->userseek           = 00007FF9F6385DE0
[LOG] SystemI::createSoundInternal             : exinfo->fileuserdata       = 00000229679676B8
[LOG] SystemI::createSoundInternal             : exinfo->initialseekpostype = 1
[LOG] SystemI::DSPCodecPoolRegister            : register codec pool for pool type 5
[LOG] SystemI::createSoundInternal             : Sample 0/1: name='press_button_3', format=5, channels=2, frequency=48000, lengthbytes=3200, lengthpcm=8687, pcmblocksize=0, loopstart=0, loopend=0, mode=0x00000000, channelmask=0x00000000, channelorder=0, peakvolume=0.422455.
[LOG] SystemI::createSoundInternal             : Create name='', mode=0x02000202
[LOG] SystemI::createSoundInternal             : exinfo->cbsize             = 224
[LOG] SystemI::createSoundInternal             : exinfo->length             = 5623744
[LOG] SystemI::createSoundInternal             : exinfo->fileoffset         = 54016
[LOG] SystemI::createSoundInternal             : exinfo->numsubsounds       = 1
[LOG] SystemI::createSoundInternal             : exinfo->inclusionlist      = 00000073DEBFEC88
[LOG] SystemI::createSoundInternal             : exinfo->inclusionlistnum   = 1
[LOG] SystemI::createSoundInternal             : exinfo->suggestedsoundtype = 5
[LOG] SystemI::createSoundInternal             : exinfo->useropen           = 00007FF9F6385C40
[LOG] SystemI::createSoundInternal             : exinfo->userclose          = 00007FF9F6385C00
[LOG] SystemI::createSoundInternal             : exinfo->userread           = 00007FF9F6385D20
[LOG] SystemI::createSoundInternal             : exinfo->userseek           = 00007FF9F6385DE0
[LOG] SystemI::createSoundInternal             : exinfo->fileuserdata       = 00000229679676B8
[LOG] SystemI::createSoundInternal             : exinfo->initialseekpostype = 1
[LOG] SystemI::DSPCodecPoolRegister            : register codec pool for pool type 5
[LOG] SystemI::createSoundInternal             : Sample 0/1: name='press_button_1', format=5, channels=2, frequency=48000, lengthbytes=2944, lengthpcm=8687, pcmblocksize=0, loopstart=0, loopend=0, mode=0x00000000, channelmask=0x00000000, channelorder=0, peakvolume=0.734436.
[LOG] SystemI::createSoundInternal             : Create name='', mode=0x02000202
[LOG] SystemI::createSoundInternal             : exinfo->cbsize             = 224
[LOG] SystemI::createSoundInternal             : exinfo->length             = 5623744
[LOG] SystemI::createSoundInternal             : exinfo->fileoffset         = 54016
[LOG] SystemI::createSoundInternal             : exinfo->numsubsounds       = 1
[LOG] SystemI::createSoundInternal             : exinfo->inclusionlist      = 00000073DEBFEC88
[LOG] SystemI::createSoundInternal             : exinfo->inclusionlistnum   = 1
[LOG] SystemI::createSoundInternal             : exinfo->suggestedsoundtype = 5
[LOG] SystemI::createSoundInternal             : exinfo->useropen           = 00007FF9F6385C40
[LOG] SystemI::createSoundInternal             : exinfo->userclose          = 00007FF9F6385C00
[LOG] SystemI::createSoundInternal             : exinfo->userread           = 00007FF9F6385D20
[LOG] SystemI::createSoundInternal             : exinfo->userseek           = 00007FF9F6385DE0
[LOG] SystemI::createSoundInternal             : exinfo->fileuserdata       = 00000229679676B8
[LOG] SystemI::createSoundInternal             : exinfo->initialseekpostype = 1
[LOG] SystemI::DSPCodecPoolRegister            : register codec pool for pool type 5
[LOG] SystemI::createSoundInternal             : Sample 0/1: name='press_button_5', format=5, channels=2, frequency=48000, lengthbytes=2816, lengthpcm=8687, pcmblocksize=0, loopstart=0, loopend=0, mode=0x00000000, channelmask=0x00000000, channelorder=0, peakvolume=0.761230.
[LOG] SystemI::createSoundInternal             : Create name='', mode=0x02000202
[LOG] SystemI::createSoundInternal             : exinfo->cbsize             = 224
[LOG] SystemI::createSoundInternal             : exinfo->length             = 5623744
[LOG] SystemI::createSoundInternal             : exinfo->fileoffset         = 54016
[LOG] SystemI::createSoundInternal             : exinfo->numsubsounds       = 1
[LOG] SystemI::createSoundInternal             : exinfo->inclusionlist      = 00000073DEBFEC88
[LOG] SystemI::createSoundInternal             : exinfo->inclusionlistnum   = 1
[LOG] SystemI::createSoundInternal             : exinfo->suggestedsoundtype = 5
[LOG] SystemI::createSoundInternal             : exinfo->useropen           = 00007FF9F6385C40
[LOG] SystemI::createSoundInternal             : exinfo->userclose          = 00007FF9F6385C00
[LOG] SystemI::createSoundInternal             : exinfo->userread           = 00007FF9F6385D20
[LOG] SystemI::createSoundInternal             : exinfo->userseek           = 00007FF9F6385DE0
[LOG] SystemI::createSoundInternal             : exinfo->fileuserdata       = 00000229679676B8
[LOG] SystemI::createSoundInternal             : exinfo->initialseekpostype = 1
[LOG] SystemI::DSPCodecPoolRegister            : register codec pool for pool type 5
[LOG] SystemI::createSoundInternal             : Sample 0/1: name='press_button_4', format=5, channels=2, frequency=48000, lengthbytes=2848, lengthpcm=8687, pcmblocksize=0, loopstart=0, loopend=0, mode=0x00000000, channelmask=0x00000000, channelorder=0, peakvolume=0.670380.
[LOG] SystemI::createSoundInternal             : Create name='', mode=0x02000202
[LOG] SystemI::createSoundInternal             : exinfo->cbsize             = 224
[LOG] SystemI::createSoundInternal             : exinfo->length             = 5623744
[LOG] SystemI::createSoundInternal             : exinfo->fileoffset         = 54016
[LOG] SystemI::createSoundInternal             : exinfo->numsubsounds       = 1
[LOG] SystemI::createSoundInternal             : exinfo->inclusionlist      = 00000073DEBFEC88
[LOG] SystemI::createSoundInternal             : exinfo->inclusionlistnum   = 1
[LOG] SystemI::createSoundInternal             : exinfo->suggestedsoundtype = 5
[LOG] SystemI::createSoundInternal             : exinfo->useropen           = 00007FF9F6385C40
[LOG] SystemI::createSoundInternal             : exinfo->userclose          = 00007FF9F6385C00
[LOG] SystemI::createSoundInternal             : exinfo->userread           = 00007FF9F6385D20
[LOG] SystemI::createSoundInternal             : exinfo->userseek           = 00007FF9F6385DE0
[LOG] SystemI::createSoundInternal             : exinfo->fileuserdata       = 00000229679676B8
[LOG] SystemI::createSoundInternal             : exinfo->initialseekpostype = 1
[LOG] SystemI::DSPCodecPoolRegister            : register codec pool for pool type 5
[LOG] SystemI::createSoundInternal             : Sample 0/1: name='press_button_2', format=5, channels=2, frequency=48000, lengthbytes=2720, lengthpcm=8687, pcmblocksize=0, loopstart=0, loopend=0, mode=0x00000000, channelmask=0x00000000, channelorder=0, peakvolume=0.654480.
[LOG] SystemI::createSoundInternal             : Create name='', mode=0x02000202
[LOG] SystemI::createSoundInternal             : exinfo->cbsize             = 224
[LOG] SystemI::createSoundInternal             : exinfo->length             = 5623744
[LOG] SystemI::createSoundInternal             : exinfo->fileoffset         = 54016
[LOG] SystemI::createSoundInternal             : exinfo->numsubsounds       = 1
[LOG] SystemI::createSoundInternal             : exinfo->inclusionlist      = 00000073DEBFEC88
[LOG] SystemI::createSoundInternal             : exinfo->inclusionlistnum   = 1
[LOG] SystemI::createSoundInternal             : exinfo->suggestedsoundtype = 5
[LOG] SystemI::createSoundInternal             : exinfo->useropen           = 00007FF9F6385C40
[LOG] SystemI::createSoundInternal             : exinfo->userclose          = 00007FF9F6385C00
[LOG] SystemI::createSoundInternal             : exinfo->userread           = 00007FF9F6385D20
[LOG] SystemI::createSoundInternal             : exinfo->userseek           = 00007FF9F6385DE0
[LOG] SystemI::createSoundInternal             : exinfo->fileuserdata       = 00000229679676B8
[LOG] SystemI::createSoundInternal             : exinfo->initialseekpostype = 1
[LOG] SystemI::DSPCodecPoolRegister            : register codec pool for pool type 5
[LOG] SystemI::createSoundInternal             : Sample 0/1: name='press_button_6', format=5, channels=2, frequency=48000, lengthbytes=2976, lengthpcm=8687, pcmblocksize=0, loopstart=0, loopend=0, mode=0x00000000, channelmask=0x00000000, channelorder=0, peakvolume=0.576599.
[LOG] SystemI::createSoundInternal             : Create name='', mode=0x02000202
[LOG] SystemI::createSoundInternal             : exinfo->cbsize             = 224
[LOG] SystemI::createSoundInternal             : exinfo->length             = 5623744
[LOG] SystemI::createSoundInternal             : exinfo->fileoffset         = 54016
[LOG] SystemI::createSoundInternal             : exinfo->numsubsounds       = 1
[LOG] SystemI::createSoundInternal             : exinfo->inclusionlist      = 00000073DEBFEC88
[LOG] SystemI::createSoundInternal             : exinfo->inclusionlistnum   = 1
[LOG] SystemI::createSoundInternal             : exinfo->suggestedsoundtype = 5
[LOG] SystemI::createSoundInternal             : exinfo->useropen           = 00007FF9F6385C40
[LOG] SystemI::createSoundInternal             : exinfo->userclose          = 00007FF9F6385C00
[LOG] SystemI::createSoundInternal             : exinfo->userread           = 00007FF9F6385D20
[LOG] SystemI::createSoundInternal             : exinfo->userseek           = 00007FF9F6385DE0
[LOG] SystemI::createSoundInternal             : exinfo->fileuserdata       = 0000022967968738
[LOG] SystemI::createSoundInternal             : exinfo->initialseekpostype = 1
[LOG] SystemI::DSPCodecPoolRegister            : register codec pool for pool type 5
[LOG] SystemI::createSoundInternal             : Sample 0/1: name='pointing_button_1', format=5, channels=2, frequency=48000, lengthbytes=2016, lengthpcm=6000, pcmblocksize=0, loopstart=0, loopend=0, mode=0x00000000, channelmask=0x00000000, channelorder=0, peakvolume=0.609222.
[LOG] SystemI::createSoundInternal             : Create name='', mode=0x02000202
[LOG] SystemI::createSoundInternal             : exinfo->cbsize             = 224
[LOG] SystemI::createSoundInternal             : exinfo->length             = 5623744
[LOG] SystemI::createSoundInternal             : exinfo->fileoffset         = 54016
[LOG] SystemI::createSoundInternal             : exinfo->numsubsounds       = 1
[LOG] SystemI::createSoundInternal             : exinfo->inclusionlist      = 00000073DEBFEC88
[LOG] SystemI::createSoundInternal             : exinfo->inclusionlistnum   = 1
[LOG] SystemI::createSoundInternal             : exinfo->suggestedsoundtype = 5
[LOG] SystemI::createSoundInternal             : exinfo->useropen           = 00007FF9F6385C40
[LOG] SystemI::createSoundInternal             : exinfo->userclose          = 00007FF9F6385C00
[LOG] SystemI::createSoundInternal             : exinfo->userread           = 00007FF9F6385D20
[LOG] SystemI::createSoundInternal             : exinfo->userseek           = 00007FF9F6385DE0
[LOG] SystemI::createSoundInternal             : exinfo->fileuserdata       = 0000022967968738
[LOG] SystemI::createSoundInternal             : exinfo->initialseekpostype = 1
[LOG] SystemI::DSPCodecPoolRegister            : register codec pool for pool type 5
[LOG] SystemI::createSoundInternal             : Sample 0/1: name='pointing_button_6', format=5, channels=2, frequency=48000, lengthbytes=2016, lengthpcm=6000, pcmblocksize=0, loopstart=0, loopend=0, mode=0x00000000, channelmask=0x00000000, channelorder=0, peakvolume=0.316895.
[LOG] SystemI::createSoundInternal             : Create name='', mode=0x02000202
[LOG] SystemI::createSoundInternal             : exinfo->cbsize             = 224
[LOG] SystemI::createSoundInternal             : exinfo->length             = 5623744
[LOG] SystemI::createSoundInternal             : exinfo->fileoffset         = 54016
[LOG] SystemI::createSoundInternal             : exinfo->numsubsounds       = 1
[LOG] SystemI::createSoundInternal             : exinfo->inclusionlist      = 00000073DEBFEC88
[LOG] SystemI::createSoundInternal             : exinfo->inclusionlistnum   = 1
[LOG] SystemI::createSoundInternal             : exinfo->suggestedsoundtype = 5
[LOG] SystemI::createSoundInternal             : exinfo->useropen           = 00007FF9F6385C40
[LOG] SystemI::createSoundInternal             : exinfo->userclose          = 00007FF9F6385C00
[LOG] SystemI::createSoundInternal             : exinfo->userread           = 00007FF9F6385D20
[LOG] SystemI::createSoundInternal             : exinfo->userseek           = 00007FF9F6385DE0
[LOG] SystemI::createSoundInternal             : exinfo->fileuserdata       = 0000022967968738
[LOG] SystemI::createSoundInternal             : exinfo->initialseekpostype = 1
[LOG] SystemI::DSPCodecPoolRegister            : register codec pool for pool type 5
[LOG] SystemI::createSoundInternal             : Sample 0/1: name='pointing_button_5', format=5, channels=2, frequency=48000, lengthbytes=2016, lengthpcm=6000, pcmblocksize=0, loopstart=0, loopend=0, mode=0x00000000, channelmask=0x00000000, channelorder=0, peakvolume=0.801544.
[LOG] SystemI::createSoundInternal             : Create name='', mode=0x02000202
[LOG] SystemI::createSoundInternal             : exinfo->cbsize             = 224
[LOG] SystemI::createSoundInternal             : exinfo->length             = 5623744
[LOG] SystemI::createSoundInternal             : exinfo->fileoffset         = 54016
[LOG] SystemI::createSoundInternal             : exinfo->numsubsounds       = 1
[LOG] SystemI::createSoundInternal             : exinfo->inclusionlist      = 00000073DEBFEC88
[LOG] SystemI::createSoundInternal             : exinfo->inclusionlistnum   = 1
[LOG] SystemI::createSoundInternal             : exinfo->suggestedsoundtype = 5
[LOG] SystemI::createSoundInternal             : exinfo->useropen           = 00007FF9F6385C40
[LOG] SystemI::createSoundInternal             : exinfo->userclose          = 00007FF9F6385C00
[LOG] SystemI::createSoundInternal             : exinfo->userread           = 00007FF9F6385D20
[LOG] SystemI::createSoundInternal             : exinfo->userseek           = 00007FF9F6385DE0
[LOG] SystemI::createSoundInternal             : exinfo->fileuserdata       = 0000022967968738
[LOG] SystemI::createSoundInternal             : exinfo->initialseekpostype = 1
[LOG] SystemI::DSPCodecPoolRegister            : register codec pool for pool type 5
[LOG] SystemI::createSoundInternal             : Sample 0/1: name='pointing_button_4', format=5, channels=2, frequency=48000, lengthbytes=2016, lengthpcm=6000, pcmblocksize=0, loopstart=0, loopend=0, mode=0x00000000, channelmask=0x00000000, channelorder=0, peakvolume=0.652313.
[LOG] SystemI::createSoundInternal             : Create name='', mode=0x02000202
[LOG] SystemI::createSoundInternal             : exinfo->cbsize             = 224
[LOG] SystemI::createSoundInternal             : exinfo->length             = 5623744
[LOG] SystemI::createSoundInternal             : exinfo->fileoffset         = 54016
[LOG] SystemI::createSoundInternal             : exinfo->numsubsounds       = 1
[LOG] SystemI::createSoundInternal             : exinfo->inclusionlist      = 00000073DEBFEC88
[LOG] SystemI::createSoundInternal             : exinfo->inclusionlistnum   = 1
[LOG] SystemI::createSoundInternal             : exinfo->suggestedsoundtype = 5
[LOG] SystemI::createSoundInternal             : exinfo->useropen           = 00007FF9F6385C40
[LOG] SystemI::createSoundInternal             : exinfo->userclose          = 00007FF9F6385C00
[LOG] SystemI::createSoundInternal             : exinfo->userread           = 00007FF9F6385D20
[LOG] SystemI::createSoundInternal             : exinfo->userseek           = 00007FF9F6385DE0
[LOG] SystemI::createSoundInternal             : exinfo->fileuserdata       = 0000022967968738
[LOG] SystemI::createSoundInternal             : exinfo->initialseekpostype = 1
[LOG] SystemI::DSPCodecPoolRegister            : register codec pool for pool type 5
[LOG] SystemI::createSoundInternal             : Sample 0/1: name='pointing_button_3', format=5, channels=2, frequency=48000, lengthbytes=1824, lengthpcm=6000, pcmblocksize=0, loopstart=0, loopend=0, mode=0x00000000, channelmask=0x00000000, channelorder=0, peakvolume=0.469818.
[LOG] SystemI::createSoundInternal             : Create name='', mode=0x02000202
[LOG] SystemI::createSoundInternal             : exinfo->cbsize             = 224
[LOG] SystemI::createSoundInternal             : exinfo->length             = 5623744
[LOG] SystemI::createSoundInternal             : exinfo->fileoffset         = 54016
[LOG] SystemI::createSoundInternal             : exinfo->numsubsounds       = 1
[LOG] SystemI::createSoundInternal             : exinfo->inclusionlist      = 00000073DEBFEC88
[LOG] SystemI::createSoundInternal             : exinfo->inclusionlistnum   = 1
[LOG] SystemI::createSoundInternal             : exinfo->suggestedsoundtype = 5
[LOG] SystemI::createSoundInternal             : exinfo->useropen           = 00007FF9F6385C40
[LOG] SystemI::createSoundInternal             : exinfo->userclose          = 00007FF9F6385C00
[LOG] SystemI::createSoundInternal             : exinfo->userread           = 00007FF9F6385D20
[LOG] SystemI::createSoundInternal             : exinfo->userseek           = 00007FF9F6385DE0
[LOG] SystemI::createSoundInternal             : exinfo->fileuserdata       = 0000022967968738
[LOG] SystemI::createSoundInternal             : exinfo->initialseekpostype = 1
[LOG] SystemI::DSPCodecPoolRegister            : register codec pool for pool type 5
[LOG] SystemI::createSoundInternal             : Sample 0/1: name='pointing_button_2', format=5, channels=2, frequency=48000, lengthbytes=2144, lengthpcm=6000, pcmblocksize=0, loopstart=0, loopend=0, mode=0x00000000, channelmask=0x00000000, channelorder=0, peakvolume=0.760742.
[LOG] SoundI::release                          :  (0000022A36DF2278)
[LOG] SoundI::release                          :     press_button_1 (0000022943D97608)
[LOG] SoundI::release                          :  (0000022A36DF2B18)
[LOG] SoundI::release                          :     press_button_2 (0000022943D984A8)
[LOG] SoundI::release                          :  (0000022B0AE9A4A8)
[LOG] SoundI::release                          :     press_button_3 (0000022943D97AE8)
[LOG] SoundI::release                          :  (0000022A36DF2558)
[LOG] SoundI::release                          :     press_button_4 (0000022943D97E28)
[LOG] SoundI::release                          :  (0000022A36DF23E8)
[LOG] SoundI::release                          :     press_button_5 (0000022943D98E68)
[LOG] SoundI::release                          :  (0000022A36DF26C8)
[LOG] SoundI::release                          :     press_button_6 (0000022943D987E8)
[LOG] SoundI::release                          :  (0000022A36DF2838)
[LOG] SoundI::release                          :     pointing_button_1 (0000022943D98B28)
[LOG] SoundI::release                          :  (0000022B0BF4EC08)
[LOG] SoundI::release                          :     pointing_button_2 (0000022965CCB268)
[LOG] SoundI::release                          :  (0000022B0BF4EA98)
[LOG] SoundI::release                          :     pointing_button_3 (0000022965CCB0C8)
[LOG] SoundI::release                          :  (0000022B0BF4F4A8)
[LOG] SoundI::release                          :     pointing_button_4 (0000022965CCBC28)
[LOG] SoundI::release                          :  (0000022B0BF4E928)
[LOG] SoundI::release                          :     pointing_button_5 (0000022965CCB408)
[LOG] SoundI::release                          :  (0000022A36DF29A8)
[LOG] SoundI::release                          :     pointing_button_6 (0000022943D98CC8)
[LOG] Thread::callback                         : FMOD Studio bank load thread finished.
[LOG] Thread::callback                         : FMOD Studio sample load thread finished.
[LOG] LiveUpdate::release                      : 
[LOG] LiveUpdate::reset                        : Reset connection (reason Disconnected)
[LOG] Thread::callback                         : FMOD stream thread finished.
[LOG] Thread::callback                         : FMOD mixer thread finished.
[LOG] SystemI::close                           : Closed.
